>>> BaseGeometry = __import__('7-base_geometry').BaseGeometry

>>> basgeo = BaseGeometry()
>>> basgeo.integer_validator("my_int", "34")
Traceback (most recent call last):
TypeError: my_int must be an integer

>>> basgeo.area()
Traceback (most recent call last):
Exception: area() is not implemented

>>> basgeo.integer_validator("my_int", 0)
Traceback (most recent call last):
ValueError: my_int must be greater than 0
